// Jest Snapshot v1, https://goo.gl/fbAQLP

exports[`Top level 'app' component did shallow render 1`] = `
<Container
  fluid={false}
>
  <ForwardRef
    noGutters={false}
  >
    <Col
      md={12}
    >
      <SearchBar
        defaultSearchTerm="Python"
        onFormSubmit={[Function]}
      />
    </Col>
  </ForwardRef>
  <ForwardRef
    noGutters={false}
  >
    <Col
      md={8}
    >
      <VideoPlayer
        video={null}
      />
    </Col>
    <Col
      md={4}
    >
      <VideoList
        onVideoSelect={[Function]}
        videos={Array []}
      />
    </Col>
  </ForwardRef>
</Container>
`;
